// Jest Snapshot v1, https://goo.gl/fbAQLP

exports[`Render without crashing Render Frame 1`] = `
Object {
  "asFragment": [Function],
  "baseElement": <body>
    <div>
      <div>
        <nav
          class="navbar navbar-expand navbar-light bg-light fixed-top"
          style="box-shadow: 1px 4px 4px -4px; height: 60px;"
        >
          <div
            class="container"
          >
            <a
              class="navbar-brand"
              style="cursor: pointer;"
              title="brand"
            >
              Movie Catalog
            </a>
            <button
              aria-label="Toggle navigation"
              class="navbar-toggler"
              type="button"
            >
              <span
                class="navbar-toggler-icon"
              />
            </button>
            <div
              class="collapse navbar-collapse"
            >
              <ul
                class="me-auto navbar-nav"
              >
                <input
                  class="form-control"
                  placeholder="Cari Film"
                  style="margin-left: 20px; width: 500px;"
                  title="searchMovie"
                  type="search"
                  value=""
                />
              </ul>
            </div>
          </div>
        </nav>
      </div>
    </div>
  </body>,
  "container": <div>
    <div>
      <nav
        class="navbar navbar-expand navbar-light bg-light fixed-top"
        style="box-shadow: 1px 4px 4px -4px; height: 60px;"
      >
        <div
          class="container"
        >
          <a
            class="navbar-brand"
            style="cursor: pointer;"
            title="brand"
          >
            Movie Catalog
          </a>
          <button
            aria-label="Toggle navigation"
            class="navbar-toggler"
            type="button"
          >
            <span
              class="navbar-toggler-icon"
            />
          </button>
          <div
            class="collapse navbar-collapse"
          >
            <ul
              class="me-auto navbar-nav"
            >
              <input
                class="form-control"
                placeholder="Cari Film"
                style="margin-left: 20px; width: 500px;"
                title="searchMovie"
                type="search"
                value=""
              />
            </ul>
          </div>
        </div>
      </nav>
    </div>
  </div>,
  "debug": [Function],
  "findAllByAltText": [Function],
  "findAllByDisplayValue": [Function],
  "findAllByLabelText": [Function],
  "findAllByPlaceholderText": [Function],
  "findAllByRole": [Function],
  "findAllByTestId": [Function],
  "findAllByText": [Function],
  "findAllByTitle": [Function],
  "findByAltText": [Function],
  "findByDisplayValue": [Function],
  "findByLabelText": [Function],
  "findByPlaceholderText": [Function],
  "findByRole": [Function],
  "findByTestId": [Function],
  "findByText": [Function],
  "findByTitle": [Function],
  "getAllByAltText": [Function],
  "getAllByDisplayValue": [Function],
  "getAllByLabelText": [Function],
  "getAllByPlaceholderText": [Function],
  "getAllByRole": [Function],
  "getAllByTestId": [Function],
  "getAllByText": [Function],
  "getAllByTitle": [Function],
  "getByAltText": [Function],
  "getByDisplayValue": [Function],
  "getByLabelText": [Function],
  "getByPlaceholderText": [Function],
  "getByRole": [Function],
  "getByTestId": [Function],
  "getByText": [Function],
  "getByTitle": [Function],
  "queryAllByAltText": [Function],
  "queryAllByDisplayValue": [Function],
  "queryAllByLabelText": [Function],
  "queryAllByPlaceholderText": [Function],
  "queryAllByRole": [Function],
  "queryAllByTestId": [Function],
  "queryAllByText": [Function],
  "queryAllByTitle": [Function],
  "queryByAltText": [Function],
  "queryByDisplayValue": [Function],
  "queryByLabelText": [Function],
  "queryByPlaceholderText": [Function],
  "queryByRole": [Function],
  "queryByTestId": [Function],
  "queryByText": [Function],
  "queryByTitle": [Function],
  "rerender": [Function],
  "unmount": [Function],
}
`;
